// Jest Snapshot v1, https://goo.gl/fbAQLP

exports[`Appointment as a connected component  1`] = `ShallowWrapper {}`;
