// Jest Snapshot v1, https://goo.gl/fbAQLP

exports[`detailsPage as a connected component  1`] = `ShallowWrapper {}`;
